2025-10-12 08:28:00 | DEBUG | repo=pv243-2015-clustering-seminar | action=commit
2025-12-25 19:17:00 | WARN | repo=pv243-2015-clustering-seminar | action=commit
2025-10-27 07:44:00 | DEBUG | repo=pv243-2015-clustering-seminar | action=commit
2025-02-15 14:23:00 | WARN | repo=pv243-2015-clustering-seminar | action=commit
2025-03-09 11:33:00 | DEBUG | repo=pv243-2015-clustering-seminar | action=pull
2025-07-01 19:24:00 | WARN | repo=pv243-2015-clustering-seminar | action=commit
2025-06-18 08:26:00 | WARN | repo=pv243-2015-clustering-seminar | action=pull
2025-03-05 19:51:00 | WARN | repo=pv243-2015-clustering-seminar | action=edit | files=5
2025-11-11 11:11:00 | DEBUG | repo=pv243-2015-clustering-seminar | action=test | passed=true
2025-08-26 14:06:00 | WARN | repo=pv243-2015-clustering-seminar | action=pull
2025-12-07 16:02:00 | INFO | repo=pv243-2015-clustering-seminar | action=commit
2025-04-19 12:34:00 | DEBUG | repo=pv243-2015-clustering-seminar | action=commit
2025-02-18 21:18:00 | DEBUG | repo=pv243-2015-clustering-seminar | action=commit
2025-02-18 10:31:00 | WARN | repo=pv243-2015-clustering-seminar | action=commit
2025-10-20 11:58:00 | DEBUG | repo=pv243-2015-clustering-seminar | action=pull
2025-12-11 08:47:00 | DEBUG | repo=pv243-2015-clustering-seminar | action=commit
2025-01-19 17:08:00 | INFO | repo=pv243-2015-clustering-seminar | action=commit
2025-05-12 14:40:00 | INFO | repo=pv243-2015-clustering-seminar | action=commit
2025-06-21 14:04:00 | DEBUG | repo=pv243-2015-clustering-seminar | action=pull
2025-10-06 09:32:00 | DEBUG | repo=pv243-2015-clustering-seminar | action=pull
2025-02-01 08:04:00 | WARN | repo=pv243-2015-clustering-seminar | action=edit | files=2
2025-02-05 12:38:00 | DEBUG | repo=pv243-2015-clustering-seminar | action=pull
2025-11-14 18:10:00 | INFO | repo=pv243-2015-clustering-seminar | action=commit
2025-02-10 12:50:00 | WARN | repo=pv243-2015-clustering-seminar | action=edit | files=3
2025-01-15 21:18:00 | INFO | repo=pv243-2015-clustering-seminar | action=pull
2025-01-21 14:56:00 | INFO | repo=pv243-2015-clustering-seminar | action=commit
2025-11-04 18:44:00 | DEBUG | repo=pv243-2015-clustering-seminar | action=commit
2025-06-07 17:48:00 | INFO | repo=pv243-2015-clustering-seminar | action=test | passed=true
2025-09-15 16:38:00 | WARN | repo=pv243-2015-clustering-seminar | action=commit
